Archive member included to satisfy reference by file (symbol)

d:/eclipse for s-link/toolchain/risc-v embedded gcc/bin/../lib/gcc/riscv-none-embed/8.2.0/rv32emac/ilp32e\libgcc.a(_divdi3.o)
                              ./FDV32S300/drivers/timer.o (__divdi3)
d:/eclipse for s-link/toolchain/risc-v embedded gcc/bin/../lib/gcc/riscv-none-embed/8.2.0/rv32emac/ilp32e\libgcc.a(muldf3.o)
                              ./FDV32S300/stubs/printf.o (__muldf3)
d:/eclipse for s-link/toolchain/risc-v embedded gcc/bin/../lib/gcc/riscv-none-embed/8.2.0/rv32emac/ilp32e\libgcc.a(fixunsdfsi.o)
                              ./FDV32S300/stubs/printf.o (__fixunsdfsi)
d:/eclipse for s-link/toolchain/risc-v embedded gcc/bin/../lib/gcc/riscv-none-embed/8.2.0/rv32emac/ilp32e\libgcc.a(_clz.o)
                              d:/eclipse for s-link/toolchain/risc-v embedded gcc/bin/../lib/gcc/riscv-none-embed/8.2.0/rv32emac/ilp32e\libgcc.a(_divdi3.o) (__clz_tab)
d:/eclipse for s-link/toolchain/risc-v embedded gcc/bin/../lib/gcc/riscv-none-embed/8.2.0/rv32emac/ilp32e\libgcc.a(_clzsi2.o)
                              d:/eclipse for s-link/toolchain/risc-v embedded gcc/bin/../lib/gcc/riscv-none-embed/8.2.0/rv32emac/ilp32e\libgcc.a(muldf3.o) (__clzsi2)
d:/eclipse for s-link/toolchain/risc-v embedded gcc/bin/../lib/gcc/riscv-none-embed/8.2.0/../../../../riscv-none-embed/lib/rv32emac/ilp32e\libg_nano.a(lib_a-exit.o)
                              ./FDV32S300/env/start.o (exit)
d:/eclipse for s-link/toolchain/risc-v embedded gcc/bin/../lib/gcc/riscv-none-embed/8.2.0/../../../../riscv-none-embed/lib/rv32emac/ilp32e\libg_nano.a(lib_a-impure.o)
                              d:/eclipse for s-link/toolchain/risc-v embedded gcc/bin/../lib/gcc/riscv-none-embed/8.2.0/../../../../riscv-none-embed/lib/rv32emac/ilp32e\libg_nano.a(lib_a-exit.o) (_global_impure_ptr)
d:/eclipse for s-link/toolchain/risc-v embedded gcc/bin/../lib/gcc/riscv-none-embed/8.2.0/../../../../riscv-none-embed/lib/rv32emac/ilp32e\libg_nano.a(lib_a-strlen.o)
                              ./FDV32S300/stubs/write.o (strlen)
d:/eclipse for s-link/toolchain/risc-v embedded gcc/bin/../lib/gcc/riscv-none-embed/8.2.0/../../../../riscv-none-embed/lib/rv32emac/ilp32e\libg_nano.a(lib_a-strnlen.o)
                              ./FDV32S300/stubs/printf.o (strnlen)
d:/eclipse for s-link/toolchain/risc-v embedded gcc/bin/../lib/gcc/riscv-none-embed/8.2.0/../../../../riscv-none-embed/lib/rv32emac/ilp32e\libg_nano.a(lib_a-sysisatty.o)
                              ./FDV32S300/stubs/fstat.o (isatty)
d:/eclipse for s-link/toolchain/risc-v embedded gcc/bin/../lib/gcc/riscv-none-embed/8.2.0/../../../../riscv-none-embed/lib/rv32emac/ilp32e\libg_nano.a(lib_a-syswrite.o)
                              ./FDV32S300/stubs/printf.o (write)
d:/eclipse for s-link/toolchain/risc-v embedded gcc/bin/../lib/gcc/riscv-none-embed/8.2.0/../../../../riscv-none-embed/lib/rv32emac/ilp32e\libg_nano.a(lib_a-writer.o)
                              d:/eclipse for s-link/toolchain/risc-v embedded gcc/bin/../lib/gcc/riscv-none-embed/8.2.0/../../../../riscv-none-embed/lib/rv32emac/ilp32e\libg_nano.a(lib_a-syswrite.o) (_write_r)
d:/eclipse for s-link/toolchain/risc-v embedded gcc/bin/../lib/gcc/riscv-none-embed/8.2.0/../../../../riscv-none-embed/lib/rv32emac/ilp32e\libg_nano.a(lib_a-reent.o)
                              d:/eclipse for s-link/toolchain/risc-v embedded gcc/bin/../lib/gcc/riscv-none-embed/8.2.0/../../../../riscv-none-embed/lib/rv32emac/ilp32e\libg_nano.a(lib_a-writer.o) (errno)
d:/eclipse for s-link/toolchain/risc-v embedded gcc/bin/../lib/gcc/riscv-none-embed/8.2.0/../../../../riscv-none-embed/lib/rv32emac/ilp32e\libg_nano.a(lib_a-nano-freer.o)
                              d:/eclipse for s-link/toolchain/risc-v embedded gcc/bin/../lib/gcc/riscv-none-embed/8.2.0/../../../../riscv-none-embed/lib/rv32emac/ilp32e\libg_nano.a(lib_a-reent.o) (_free_r)
d:/eclipse for s-link/toolchain/risc-v embedded gcc/bin/../lib/gcc/riscv-none-embed/8.2.0/../../../../riscv-none-embed/lib/rv32emac/ilp32e\libg_nano.a(lib_a-nano-mallocr.o)
                              d:/eclipse for s-link/toolchain/risc-v embedded gcc/bin/../lib/gcc/riscv-none-embed/8.2.0/../../../../riscv-none-embed/lib/rv32emac/ilp32e\libg_nano.a(lib_a-nano-freer.o) (__malloc_free_list)
d:/eclipse for s-link/toolchain/risc-v embedded gcc/bin/../lib/gcc/riscv-none-embed/8.2.0/../../../../riscv-none-embed/lib/rv32emac/ilp32e\libg_nano.a(lib_a-sbrkr.o)
                              d:/eclipse for s-link/toolchain/risc-v embedded gcc/bin/../lib/gcc/riscv-none-embed/8.2.0/../../../../riscv-none-embed/lib/rv32emac/ilp32e\libg_nano.a(lib_a-nano-mallocr.o) (_sbrk_r)
d:/eclipse for s-link/toolchain/risc-v embedded gcc/bin/../lib/gcc/riscv-none-embed/8.2.0/../../../../riscv-none-embed/lib/rv32emac/ilp32e\libg_nano.a(lib_a-mlock.o)
                              d:/eclipse for s-link/toolchain/risc-v embedded gcc/bin/../lib/gcc/riscv-none-embed/8.2.0/../../../../riscv-none-embed/lib/rv32emac/ilp32e\libg_nano.a(lib_a-nano-freer.o) (__malloc_lock)

Allocating common symbols
Common symbol       size              file

errno               0x4               d:/eclipse for s-link/toolchain/risc-v embedded gcc/bin/../lib/gcc/riscv-none-embed/8.2.0/../../../../riscv-none-embed/lib/rv32emac/ilp32e\libg_nano.a(lib_a-reent.o)

Discarded input sections

 .text          0x0000000000000000        0x0 ./src/main.o
 .data          0x0000000000000000        0x0 ./src/main.o
 .bss           0x0000000000000000        0x0 ./src/main.o
 .text.DelayNus
                0x0000000000000000       0x26 ./src/main.o
 .text.delay_ms
                0x0000000000000000       0x50 ./src/main.o
 .text.Jump_to_APP
                0x0000000000000000       0x1a ./src/main.o
 .text          0x0000000000000000        0x0 ./FDV32S300/stubs/_exit.o
 .data          0x0000000000000000        0x0 ./FDV32S300/stubs/_exit.o
 .bss           0x0000000000000000        0x0 ./FDV32S300/stubs/_exit.o
 .text          0x0000000000000000        0x0 ./FDV32S300/stubs/close.o
 .data          0x0000000000000000        0x0 ./FDV32S300/stubs/close.o
 .bss           0x0000000000000000        0x0 ./FDV32S300/stubs/close.o
 .text._close   0x0000000000000000        0x4 ./FDV32S300/stubs/close.o
 .debug_info    0x0000000000000000      0x9e0 ./FDV32S300/stubs/close.o
 .debug_abbrev  0x0000000000000000      0x20b ./FDV32S300/stubs/close.o
 .debug_loc     0x0000000000000000       0x21 ./FDV32S300/stubs/close.o
 .debug_aranges
                0x0000000000000000       0x20 ./FDV32S300/stubs/close.o
 .debug_ranges  0x0000000000000000       0x10 ./FDV32S300/stubs/close.o
 .debug_line    0x0000000000000000      0x162 ./FDV32S300/stubs/close.o
 .debug_str     0x0000000000000000      0x5b4 ./FDV32S300/stubs/close.o
 .comment       0x0000000000000000       0x3a ./FDV32S300/stubs/close.o
 .debug_frame   0x0000000000000000       0x20 ./FDV32S300/stubs/close.o
 .text          0x0000000000000000        0x0 ./FDV32S300/stubs/fstat.o
 .data          0x0000000000000000        0x0 ./FDV32S300/stubs/fstat.o
 .bss           0x0000000000000000        0x0 ./FDV32S300/stubs/fstat.o
 .text._fstat   0x0000000000000000       0x24 ./FDV32S300/stubs/fstat.o
 .debug_info    0x0000000000000000      0xc41 ./FDV32S300/stubs/fstat.o
 .debug_abbrev  0x0000000000000000      0x237 ./FDV32S300/stubs/fstat.o
 .debug_loc     0x0000000000000000       0x58 ./FDV32S300/stubs/fstat.o
 .debug_aranges
                0x0000000000000000       0x20 ./FDV32S300/stubs/fstat.o
 .debug_ranges  0x0000000000000000       0x10 ./FDV32S300/stubs/fstat.o
 .debug_line    0x0000000000000000      0x283 ./FDV32S300/stubs/fstat.o
 .debug_str     0x0000000000000000      0x72c ./FDV32S300/stubs/fstat.o
 .comment       0x0000000000000000       0x3a ./FDV32S300/stubs/fstat.o
 .debug_frame   0x0000000000000000       0x34 ./FDV32S300/stubs/fstat.o
 .text          0x0000000000000000        0x0 ./FDV32S300/stubs/isatty.o
 .data          0x0000000000000000        0x0 ./FDV32S300/stubs/isatty.o
 .bss           0x0000000000000000        0x0 ./FDV32S300/stubs/isatty.o
 .text._isatty  0x0000000000000000        0x8 ./FDV32S300/stubs/isatty.o
 .debug_info    0x0000000000000000       0xf4 ./FDV32S300/stubs/isatty.o
 .debug_abbrev  0x0000000000000000       0x73 ./FDV32S300/stubs/isatty.o
 .debug_loc     0x0000000000000000       0x2e ./FDV32S300/stubs/isatty.o
 .debug_aranges
                0x0000000000000000       0x20 ./FDV32S300/stubs/isatty.o
 .debug_ranges  0x0000000000000000       0x10 ./FDV32S300/stubs/isatty.o
 .debug_line    0x0000000000000000       0xc2 ./FDV32S300/stubs/isatty.o
 .debug_str     0x0000000000000000      0x1bb ./FDV32S300/stubs/isatty.o
 .comment       0x0000000000000000       0x3a ./FDV32S300/stubs/isatty.o
 .debug_frame   0x0000000000000000       0x20 ./FDV32S300/stubs/isatty.o
 .text          0x0000000000000000        0x0 ./FDV32S300/stubs/lseek.o
 .data          0x0000000000000000        0x0 ./FDV32S300/stubs/lseek.o
 .bss           0x0000000000000000        0x0 ./FDV32S300/stubs/lseek.o
 .text._lseek   0x0000000000000000       0x1a ./FDV32S300/stubs/lseek.o
 .debug_info    0x0000000000000000      0xa39 ./FDV32S300/stubs/lseek.o
 .debug_abbrev  0x0000000000000000      0x237 ./FDV32S300/stubs/lseek.o
 .debug_loc     0x0000000000000000       0x63 ./FDV32S300/stubs/lseek.o
 .debug_aranges
                0x0000000000000000       0x20 ./FDV32S300/stubs/lseek.o
 .debug_ranges  0x0000000000000000       0x10 ./FDV32S300/stubs/lseek.o
 .debug_line    0x0000000000000000      0x181 ./FDV32S300/stubs/lseek.o
 .debug_str     0x0000000000000000      0x5d0 ./FDV32S300/stubs/lseek.o
 .comment       0x0000000000000000       0x3a ./FDV32S300/stubs/lseek.o
 .debug_frame   0x0000000000000000       0x2c ./FDV32S300/stubs/lseek.o
 .text          0x0000000000000000        0x0 ./FDV32S300/stubs/printf.o
 .data          0x0000000000000000        0x0 ./FDV32S300/stubs/printf.o
 .bss           0x0000000000000000        0x0 ./FDV32S300/stubs/printf.o
 .text.sprintf_putch
                0x0000000000000000        0xe ./FDV32S300/stubs/printf.o
 .text.putchar  0x0000000000000000       0x26 ./FDV32S300/stubs/printf.o
 .text.vprintfmt
                0x0000000000000000      0x426 ./FDV32S300/stubs/printf.o
 .rodata.vprintfmt
                0x0000000000000000      0x158 ./FDV32S300/stubs/printf.o
 .text.__wrap_printf
                0x0000000000000000       0x36 ./FDV32S300/stubs/printf.o
 .text.__wrap_sprintf
                0x0000000000000000       0x44 ./FDV32S300/stubs/printf.o
 .rodata.vprintfmt.cst8
                0x0000000000000000        0x8 ./FDV32S300/stubs/printf.o
 .rodata.vprintfmt.str1.4
                0x0000000000000000        0x7 ./FDV32S300/stubs/printf.o
 .debug_info    0x0000000000000000     0x112a ./FDV32S300/stubs/printf.o
 .debug_abbrev  0x0000000000000000      0x3ea ./FDV32S300/stubs/printf.o
 .debug_loc     0x0000000000000000      0xcfa ./FDV32S300/stubs/printf.o
 .debug_aranges
                0x0000000000000000       0x40 ./FDV32S300/stubs/printf.o
 .debug_ranges  0x0000000000000000       0xb0 ./FDV32S300/stubs/printf.o
 .debug_line    0x0000000000000000      0xc9a ./FDV32S300/stubs/printf.o
 .debug_str     0x0000000000000000      0x6d9 ./FDV32S300/stubs/printf.o
 .comment       0x0000000000000000       0x3a ./FDV32S300/stubs/printf.o
 .debug_frame   0x0000000000000000       0xa4 ./FDV32S300/stubs/printf.o
 .text          0x0000000000000000        0x0 ./FDV32S300/stubs/read.o
 .data          0x0000000000000000        0x0 ./FDV32S300/stubs/read.o
 .bss           0x0000000000000000        0x0 ./FDV32S300/stubs/read.o
 .text._read    0x0000000000000000        0x4 ./FDV32S300/stubs/read.o
 .debug_info    0x0000000000000000      0xa14 ./FDV32S300/stubs/read.o
 .debug_abbrev  0x0000000000000000      0x21c ./FDV32S300/stubs/read.o
 .debug_loc     0x0000000000000000       0x21 ./FDV32S300/stubs/read.o
 .debug_aranges
                0x0000000000000000       0x20 ./FDV32S300/stubs/read.o
 .debug_ranges  0x0000000000000000       0x10 ./FDV32S300/stubs/read.o
 .debug_line    0x0000000000000000      0x16e ./FDV32S300/stubs/read.o
 .debug_str     0x0000000000000000      0x5c2 ./FDV32S300/stubs/read.o
 .comment       0x0000000000000000       0x3a ./FDV32S300/stubs/read.o
 .debug_frame   0x0000000000000000       0x20 ./FDV32S300/stubs/read.o
 .text          0x0000000000000000        0x0 ./FDV32S300/stubs/sbrk.o
 .data          0x0000000000000000        0x0 ./FDV32S300/stubs/sbrk.o
 .bss           0x0000000000000000        0x0 ./FDV32S300/stubs/sbrk.o
 .text._sbrk    0x0000000000000000       0x36 ./FDV32S300/stubs/sbrk.o
 .sdata.curbrk.1526
                0x0000000000000000        0x4 ./FDV32S300/stubs/sbrk.o
 .debug_info    0x0000000000000000       0xbd ./FDV32S300/stubs/sbrk.o
 .debug_abbrev  0x0000000000000000       0xaa ./FDV32S300/stubs/sbrk.o
 .debug_loc     0x0000000000000000       0x21 ./FDV32S300/stubs/sbrk.o
 .debug_aranges
                0x0000000000000000       0x20 ./FDV32S300/stubs/sbrk.o
 .debug_ranges  0x0000000000000000       0x10 ./FDV32S300/stubs/sbrk.o
 .debug_line    0x0000000000000000      0x12c ./FDV32S300/stubs/sbrk.o
 .debug_str     0x0000000000000000      0x146 ./FDV32S300/stubs/sbrk.o
 .comment       0x0000000000000000       0x3a ./FDV32S300/stubs/sbrk.o
 .debug_frame   0x0000000000000000       0x20 ./FDV32S300/stubs/sbrk.o
 .text          0x0000000000000000        0x0 ./FDV32S300/stubs/write.o
 .data          0x0000000000000000        0x0 ./FDV32S300/stubs/write.o
 .bss           0x0000000000000000        0x0 ./FDV32S300/stubs/write.o
 .text._write.part.1
                0x0000000000000000       0x40 ./FDV32S300/stubs/write.o
 .text._write   0x0000000000000000       0x36 ./FDV32S300/stubs/write.o
 .text.puts     0x0000000000000000       0x40 ./FDV32S300/stubs/write.o
 .text._put_char
                0x0000000000000000        0x2 ./FDV32S300/stubs/write.o
 .debug_info    0x0000000000000000      0xc5a ./FDV32S300/stubs/write.o
 .debug_abbrev  0x0000000000000000      0x30c ./FDV32S300/stubs/write.o
 .debug_loc     0x0000000000000000      0x27f ./FDV32S300/stubs/write.o
 .debug_aranges
                0x0000000000000000       0x38 ./FDV32S300/stubs/write.o
 .debug_ranges  0x0000000000000000       0x60 ./FDV32S300/stubs/write.o
 .debug_line    0x0000000000000000      0x447 ./FDV32S300/stubs/write.o
 .debug_str     0x0000000000000000      0x636 ./FDV32S300/stubs/write.o
 .comment       0x0000000000000000       0x3a ./FDV32S300/stubs/write.o
 .debug_frame   0x0000000000000000       0x90 ./FDV32S300/stubs/write.o
 .text          0x0000000000000000        0x0 ./FDV32S300/stubs/write_hex.o
 .data          0x0000000000000000        0x0 ./FDV32S300/stubs/write_hex.o
 .bss           0x0000000000000000        0x0 ./FDV32S300/stubs/write_hex.o
 .text.write_hex
                0x0000000000000000       0x74 ./FDV32S300/stubs/write_hex.o
 .rodata.write_hex.str1.4
                0x0000000000000000        0x3 ./FDV32S300/stubs/write_hex.o
 .debug_info    0x0000000000000000      0x1a6 ./FDV32S300/stubs/write_hex.o
 .debug_abbrev  0x0000000000000000       0xf7 ./FDV32S300/stubs/write_hex.o
 .debug_loc     0x0000000000000000       0xbe ./FDV32S300/stubs/write_hex.o
 .debug_aranges
                0x0000000000000000       0x20 ./FDV32S300/stubs/write_hex.o
 .debug_ranges  0x0000000000000000       0x28 ./FDV32S300/stubs/write_hex.o
 .debug_line    0x0000000000000000      0x21f ./FDV32S300/stubs/write_hex.o
 .debug_str     0x0000000000000000      0x1e6 ./FDV32S300/stubs/write_hex.o
 .comment       0x0000000000000000       0x3a ./FDV32S300/stubs/write_hex.o
 .debug_frame   0x0000000000000000       0x38 ./FDV32S300/stubs/write_hex.o
 .text          0x0000000000000000        0x0 ./FDV32S300/env/entry.o
 .data          0x0000000000000000        0x0 ./FDV32S300/env/entry.o
 .bss           0x0000000000000000        0x0 ./FDV32S300/env/entry.o
 .text          0x0000000000000000        0x0 ./FDV32S300/env/init.o
 .data          0x0000000000000000        0x0 ./FDV32S300/env/init.o
 .bss           0x0000000000000000        0x0 ./FDV32S300/env/init.o
 .text          0x0000000000000000        0x0 ./FDV32S300/env/start.o
 .data          0x0000000000000000        0x0 ./FDV32S300/env/start.o
 .bss           0x0000000000000000        0x0 ./FDV32S300/env/start.o
 .text          0x0000000000000000        0x0 ./FDV32S300/env/system_phnx02.o
 .data          0x0000000000000000        0x0 ./FDV32S300/env/system_phnx02.o
 .bss           0x0000000000000000        0x0 ./FDV32S300/env/system_phnx02.o
 .text          0x0000000000000000        0x0 ./FDV32S300/drivers/anac.o
 .data          0x0000000000000000        0x0 ./FDV32S300/drivers/anac.o
 .bss           0x0000000000000000        0x0 ./FDV32S300/drivers/anac.o
 .text.ANAC_Init
                0x0000000000000000       0x5a ./FDV32S300/drivers/anac.o
 .text.ANAC_DeInit
                0x0000000000000000       0x28 ./FDV32S300/drivers/anac.o
 .text.ADC_Init
                0x0000000000000000       0x7c ./FDV32S300/drivers/anac.o
 .text.ADC_Enable
                0x0000000000000000       0x12 ./FDV32S300/drivers/anac.o
 .text.ADC_Disable
                0x0000000000000000       0x10 ./FDV32S300/drivers/anac.o
 .text.ADC_EnableIRQ
                0x0000000000000000       0x12 ./FDV32S300/drivers/anac.o
 .text.ADC_DisableIRQ
                0x0000000000000000       0x10 ./FDV32S300/drivers/anac.o
 .text.ADC_StartConvert
                0x0000000000000000       0x12 ./FDV32S300/drivers/anac.o
 .text.ADC_GetSingleResultValue
                0x0000000000000000       0x16 ./FDV32S300/drivers/anac.o
 .text.ADC_GetAverageValue
                0x0000000000000000        0xa ./FDV32S300/drivers/anac.o
 .text.ADC_GetIntFlag
                0x0000000000000000        0xc ./FDV32S300/drivers/anac.o
 .text.ADC_ClrIntFlag
                0x0000000000000000       0x12 ./FDV32S300/drivers/anac.o
 .debug_info    0x0000000000000000      0x4ce ./FDV32S300/drivers/anac.o
 .debug_abbrev  0x0000000000000000      0x1d7 ./FDV32S300/drivers/anac.o
 .debug_loc     0x0000000000000000      0x140 ./FDV32S300/drivers/anac.o
 .debug_aranges
                0x0000000000000000       0x78 ./FDV32S300/drivers/anac.o
 .debug_ranges  0x0000000000000000       0x68 ./FDV32S300/drivers/anac.o
 .debug_line    0x0000000000000000      0x49b ./FDV32S300/drivers/anac.o
 .debug_str     0x0000000000000000      0x3b9 ./FDV32S300/drivers/anac.o
 .comment       0x0000000000000000       0x3a ./FDV32S300/drivers/anac.o
 .debug_frame   0x0000000000000000       0xe0 ./FDV32S300/drivers/anac.o
 .text          0x0000000000000000        0x0 ./FDV32S300/drivers/crc.o
 .data          0x0000000000000000        0x0 ./FDV32S300/drivers/crc.o
 .bss           0x0000000000000000        0x0 ./FDV32S300/drivers/crc.o
 .text.CRC_Init
                0x0000000000000000        0xe ./FDV32S300/drivers/crc.o
 .text.CRC_DeInit
                0x0000000000000000       0x28 ./FDV32S300/drivers/crc.o
 .text.CRC_Calculate
                0x0000000000000000       0x8a ./FDV32S300/drivers/crc.o
 .text.CRC_Check
                0x0000000000000000       0x96 ./FDV32S300/drivers/crc.o
 .debug_info    0x0000000000000000      0x35f ./FDV32S300/drivers/crc.o
 .debug_abbrev  0x0000000000000000      0x1d2 ./FDV32S300/drivers/crc.o
 .debug_loc     0x0000000000000000      0x1d9 ./FDV32S300/drivers/crc.o
 .debug_aranges
                0x0000000000000000       0x38 ./FDV32S300/drivers/crc.o
 .debug_ranges  0x0000000000000000       0x28 ./FDV32S300/drivers/crc.o
 .debug_line    0x0000000000000000      0x4b1 ./FDV32S300/drivers/crc.o
 .debug_str     0x0000000000000000      0x22f ./FDV32S300/drivers/crc.o
 .comment       0x0000000000000000       0x3a ./FDV32S300/drivers/crc.o
 .debug_frame   0x0000000000000000       0x50 ./FDV32S300/drivers/crc.o
 .text          0x0000000000000000        0x0 ./FDV32S300/drivers/efc.o
 .data          0x0000000000000000        0x0 ./FDV32S300/drivers/efc.o
 .bss           0x0000000000000000        0x0 ./FDV32S300/drivers/efc.o
 .text.EFC_SingleProgram
                0x0000000000000000       0x4e ./FDV32S300/drivers/efc.o
 .text.EFC_ChipErase
                0x0000000000000000       0x36 ./FDV32S300/drivers/efc.o
 .text.EFC_PageEraseVerify
                0x0000000000000000       0x3a ./FDV32S300/drivers/efc.o
 .text.EFC_ProgramVerify
                0x0000000000000000       0x3a ./FDV32S300/drivers/efc.o
 .text.EFC_EEPROMWrite
                0x0000000000000000       0xaa ./FDV32S300/drivers/efc.o
 .text          0x0000000000000000        0x0 ./FDV32S300/drivers/i2c.o
 .data          0x0000000000000000        0x0 ./FDV32S300/drivers/i2c.o
 .bss           0x0000000000000000        0x0 ./FDV32S300/drivers/i2c.o
 .text.I2C_Init
                0x0000000000000000       0xe0 ./FDV32S300/drivers/i2c.o
 .text.I2C_DeInit
                0x0000000000000000       0x24 ./FDV32S300/drivers/i2c.o
 .text.I2C_SetAccessAddr
                0x0000000000000000       0x32 ./FDV32S300/drivers/i2c.o
 .text.I2C_EnableIRQ
                0x0000000000000000       0x26 ./FDV32S300/drivers/i2c.o
 .text.I2C_BroadcastControl
                0x0000000000000000       0x4a ./FDV32S300/drivers/i2c.o
 .text.I2C_ReStartControl
                0x0000000000000000       0x4a ./FDV32S300/drivers/i2c.o
 .text.I2C_SendData
                0x0000000000000000        0xc ./FDV32S300/drivers/i2c.o
 .text.I2C_ReadStatusReg
                0x0000000000000000        0xa ./FDV32S300/drivers/i2c.o
 .text.I2C_WriteStatusReg
                0x0000000000000000       0x10 ./FDV32S300/drivers/i2c.o
 .debug_info    0x0000000000000000      0x488 ./FDV32S300/drivers/i2c.o
 .debug_abbrev  0x0000000000000000      0x199 ./FDV32S300/drivers/i2c.o
 .debug_loc     0x0000000000000000      0x171 ./FDV32S300/drivers/i2c.o
 .debug_aranges
                0x0000000000000000       0x60 ./FDV32S300/drivers/i2c.o
 .debug_ranges  0x0000000000000000       0x50 ./FDV32S300/drivers/i2c.o
 .debug_line    0x0000000000000000      0x562 ./FDV32S300/drivers/i2c.o
 .debug_str     0x0000000000000000      0x3aa ./FDV32S300/drivers/i2c.o
 .comment       0x0000000000000000       0x3a ./FDV32S300/drivers/i2c.o
 .debug_frame   0x0000000000000000       0xb8 ./FDV32S300/drivers/i2c.o
 .text          0x0000000000000000        0x0 ./FDV32S300/drivers/iom.o
 .data          0x0000000000000000        0x0 ./FDV32S300/drivers/iom.o
 .bss           0x0000000000000000        0x0 ./FDV32S300/drivers/iom.o
 .text.GPIO_PinConfigStrongDrive
                0x0000000000000000       0x2a ./FDV32S300/drivers/iom.o
 .text.GPIO_GetData
                0x0000000000000000        0xa ./FDV32S300/drivers/iom.o
 .text.GPIO_PinIntConfig
                0x0000000000000000       0x56 ./FDV32S300/drivers/iom.o
 .text.GPIO_GlobleIRQControl
                0x0000000000000000       0x7c ./FDV32S300/drivers/iom.o
 .text.GPIO_PinIRQControl
                0x0000000000000000       0x2a ./FDV32S300/drivers/iom.o
 .text.GPIO_GetIntFlag
                0x0000000000000000        0xa ./FDV32S300/drivers/iom.o
 .text.GPIO_ClrIntFlag
                0x0000000000000000        0xa ./FDV32S300/drivers/iom.o
 .text          0x0000000000000000        0x0 ./FDV32S300/drivers/lptimer.o
 .data          0x0000000000000000        0x0 ./FDV32S300/drivers/lptimer.o
 .bss           0x0000000000000000        0x0 ./FDV32S300/drivers/lptimer.o
 .text.LPT_Init
                0x0000000000000000       0x92 ./FDV32S300/drivers/lptimer.o
 .text.LPT_EnableControl
                0x0000000000000000       0x1c ./FDV32S300/drivers/lptimer.o
 .text.LPT_DeInit
                0x0000000000000000       0x30 ./FDV32S300/drivers/lptimer.o
 .text.LPT_EnableIRQ
                0x0000000000000000        0xe ./FDV32S300/drivers/lptimer.o
 .text.LPT_DisableIRQ
                0x0000000000000000        0xc ./FDV32S300/drivers/lptimer.o
 .text.LPT_GetCount
                0x0000000000000000       0x16 ./FDV32S300/drivers/lptimer.o
 .debug_info    0x0000000000000000      0x333 ./FDV32S300/drivers/lptimer.o
 .debug_abbrev  0x0000000000000000      0x1d6 ./FDV32S300/drivers/lptimer.o
 .debug_loc     0x0000000000000000       0x82 ./FDV32S300/drivers/lptimer.o
 .debug_aranges
                0x0000000000000000       0x48 ./FDV32S300/drivers/lptimer.o
 .debug_ranges  0x0000000000000000       0x50 ./FDV32S300/drivers/lptimer.o
 .debug_line    0x0000000000000000      0x3fd ./FDV32S300/drivers/lptimer.o
 .debug_str     0x0000000000000000      0x291 ./FDV32S300/drivers/lptimer.o
 .comment       0x0000000000000000       0x3a ./FDV32S300/drivers/lptimer.o
 .debug_frame   0x0000000000000000       0x70 ./FDV32S300/drivers/lptimer.o
 .text          0x0000000000000000        0x0 ./FDV32S300/drivers/pmu.o
 .data          0x0000000000000000        0x0 ./FDV32S300/drivers/pmu.o
 .bss           0x0000000000000000        0x0 ./FDV32S300/drivers/pmu.o
 .text.PMU_Init
                0x0000000000000000        0xe ./FDV32S300/drivers/pmu.o
 .text.PMU_DeInit
                0x0000000000000000       0x10 ./FDV32S300/drivers/pmu.o
 .text.PMU_WakeConfig
                0x0000000000000000       0x42 ./FDV32S300/drivers/pmu.o
 .text.PMU_EnterSleep
                0x0000000000000000        0xa ./FDV32S300/drivers/pmu.o
 .text.PMU_EnterDeepSleep
                0x0000000000000000        0xa ./FDV32S300/drivers/pmu.o
 .text.PMU_EnterPowerDown
                0x0000000000000000       0x2a ./FDV32S300/drivers/pmu.o
 .text.PMU_SoftCoreReset
                0x0000000000000000        0x6 ./FDV32S300/drivers/pmu.o
 .text.PMU_SoftDigitalReset
                0x0000000000000000       0x22 ./FDV32S300/drivers/pmu.o
 .text.PMU_SoftChipReset
                0x0000000000000000       0x22 ./FDV32S300/drivers/pmu.o
 .text.PMU_SetINTEnable
                0x0000000000000000       0x10 ./FDV32S300/drivers/pmu.o
 .text.PMU_GetIntFlag
                0x0000000000000000       0x12 ./FDV32S300/drivers/pmu.o
 .text.PMU_ClrIntFlag
                0x0000000000000000       0x12 ./FDV32S300/drivers/pmu.o
 .text.PMU_GetBAKRValue
                0x0000000000000000        0xa ./FDV32S300/drivers/pmu.o
 .text.PMU_SetBAKRValue
                0x0000000000000000        0xa ./FDV32S300/drivers/pmu.o
 .debug_info    0x0000000000000000      0x3ad ./FDV32S300/drivers/pmu.o
 .debug_abbrev  0x0000000000000000      0x1a9 ./FDV32S300/drivers/pmu.o
 .debug_loc     0x0000000000000000       0xb6 ./FDV32S300/drivers/pmu.o
 .debug_aranges
                0x0000000000000000       0x88 ./FDV32S300/drivers/pmu.o
 .debug_ranges  0x0000000000000000       0x78 ./FDV32S300/drivers/pmu.o
 .debug_line    0x0000000000000000      0x467 ./FDV32S300/drivers/pmu.o
 .debug_str     0x0000000000000000      0x2eb ./FDV32S300/drivers/pmu.o
 .comment       0x0000000000000000       0x3a ./FDV32S300/drivers/pmu.o
 .debug_frame   0x0000000000000000       0xf0 ./FDV32S300/drivers/pmu.o
 .text          0x0000000000000000        0x0 ./FDV32S300/drivers/rtc.o
 .data          0x0000000000000000        0x0 ./FDV32S300/drivers/rtc.o
 .bss           0x0000000000000000        0x0 ./FDV32S300/drivers/rtc.o
 .text.RTC_Init
                0x0000000000000000       0xbc ./FDV32S300/drivers/rtc.o
 .rodata.RTC_Init
                0x0000000000000000       0x18 ./FDV32S300/drivers/rtc.o
 .text.RTC_DeInit
                0x0000000000000000       0x42 ./FDV32S300/drivers/rtc.o
 .text.RTC_SetDate
                0x0000000000000000       0xa8 ./FDV32S300/drivers/rtc.o
 .text.RTC_GetData
                0x0000000000000000        0xa ./FDV32S300/drivers/rtc.o
 .text.RTC_GetYear
                0x0000000000000000       0x20 ./FDV32S300/drivers/rtc.o
 .text.RTC_GetMonth
                0x0000000000000000       0x22 ./FDV32S300/drivers/rtc.o
 .text.RTC_GetDay
                0x0000000000000000       0x22 ./FDV32S300/drivers/rtc.o
 .text.RTC_GetWeek
                0x0000000000000000        0xe ./FDV32S300/drivers/rtc.o
 .text.RTC_SetTime
                0x0000000000000000       0xa6 ./FDV32S300/drivers/rtc.o
 .text.RTC_GetTime
                0x0000000000000000        0xa ./FDV32S300/drivers/rtc.o
 .text.RTC_GetHour
                0x0000000000000000       0x22 ./FDV32S300/drivers/rtc.o
 .text.RTC_GetMinute
                0x0000000000000000       0x22 ./FDV32S300/drivers/rtc.o
 .text.RTC_GetSecond
                0x0000000000000000       0x22 ./FDV32S300/drivers/rtc.o
 .text.RTC_SetAlarm
                0x0000000000000000       0x9a ./FDV32S300/drivers/rtc.o
 .text.RTC_AlarmCofig
                0x0000000000000000       0x7a ./FDV32S300/drivers/rtc.o
 .text.RTC_PeriodCofig
                0x0000000000000000       0xc6 ./FDV32S300/drivers/rtc.o
 .text.RTC_1HzOutConfig
                0x0000000000000000       0x62 ./FDV32S300/drivers/rtc.o
 .text.RTC_CalibrationConfig
                0x0000000000000000       0x9a ./FDV32S300/drivers/rtc.o
 .debug_info    0x0000000000000000      0x673 ./FDV32S300/drivers/rtc.o
 .debug_abbrev  0x0000000000000000      0x215 ./FDV32S300/drivers/rtc.o
 .debug_loc     0x0000000000000000      0x457 ./FDV32S300/drivers/rtc.o
 .debug_aranges
                0x0000000000000000       0xa8 ./FDV32S300/drivers/rtc.o
 .debug_ranges  0x0000000000000000       0x98 ./FDV32S300/drivers/rtc.o
 .debug_line    0x0000000000000000      0xfe4 ./FDV32S300/drivers/rtc.o
 .debug_str     0x0000000000000000      0x39f ./FDV32S300/drivers/rtc.o
 .comment       0x0000000000000000       0x3a ./FDV32S300/drivers/rtc.o
 .debug_frame   0x0000000000000000      0x170 ./FDV32S300/drivers/rtc.o
 .text          0x0000000000000000        0x0 ./FDV32S300/drivers/spi.o
 .data          0x0000000000000000        0x0 ./FDV32S300/drivers/spi.o
 .bss           0x0000000000000000        0x0 ./FDV32S300/drivers/spi.o
 .text.SPI_Init
                0x0000000000000000      0x15c ./FDV32S300/drivers/spi.o
 .text.SPI_DeInit
                0x0000000000000000       0x24 ./FDV32S300/drivers/spi.o
 .text.SPI_MasterConflictIRQControl
                0x0000000000000000       0x26 ./FDV32S300/drivers/spi.o
 .text.SPI_EnableIRQ
                0x0000000000000000       0x12 ./FDV32S300/drivers/spi.o
 .text.SPI_DisableIRQ
                0x0000000000000000       0x10 ./FDV32S300/drivers/spi.o
 .text.SPI_SetCSN
                0x0000000000000000        0xc ./FDV32S300/drivers/spi.o
 .text.SPI_ClrCSN
                0x0000000000000000        0xa ./FDV32S300/drivers/spi.o
 .text.SPI_SendData
                0x0000000000000000        0xa ./FDV32S300/drivers/spi.o
 .text.SPI_RecieveData
                0x0000000000000000        0xe ./FDV32S300/drivers/spi.o
 .text.SPI_GetStatus
                0x0000000000000000        0xa ./FDV32S300/drivers/spi.o
 .debug_info    0x0000000000000000      0x3db ./FDV32S300/drivers/spi.o
 .debug_abbrev  0x0000000000000000      0x1b4 ./FDV32S300/drivers/spi.o
 .debug_loc     0x0000000000000000      0x200 ./FDV32S300/drivers/spi.o
 .debug_aranges
                0x0000000000000000       0x68 ./FDV32S300/drivers/spi.o
 .debug_ranges  0x0000000000000000       0x88 ./FDV32S300/drivers/spi.o
 .debug_line    0x0000000000000000      0x54e ./FDV32S300/drivers/spi.o
 .debug_str     0x0000000000000000      0x2b6 ./FDV32S300/drivers/spi.o
 .comment       0x0000000000000000       0x3a ./FDV32S300/drivers/spi.o
 .debug_frame   0x0000000000000000       0xd0 ./FDV32S300/drivers/spi.o
 .text          0x0000000000000000        0x0 ./FDV32S300/drivers/sysc.o
 .data          0x0000000000000000        0x0 ./FDV32S300/drivers/sysc.o
 .bss           0x0000000000000000        0x0 ./FDV32S300/drivers/sysc.o
 .text.SYSC_SelectClockSource
                0x0000000000000000       0x2a ./FDV32S300/drivers/sysc.o
 .text.SYSC_SetAPBCLKDiv
                0x0000000000000000       0x2e ./FDV32S300/drivers/sysc.o
 .text.SYSC_SetAHBCLKDiv
                0x0000000000000000       0x2e ./FDV32S300/drivers/sysc.o
 .text.SYSC_ResetPeripher
                0x0000000000000000       0x18 ./FDV32S300/drivers/sysc.o
 .text.SYSC_PCLKEnable
                0x0000000000000000        0xc ./FDV32S300/drivers/sysc.o
 .text.SYSC_PCLKDisable
                0x0000000000000000       0x10 ./FDV32S300/drivers/sysc.o
 .text.SYSC_SetANAC_CLKDiv
                0x0000000000000000       0x22 ./FDV32S300/drivers/sysc.o
 .text.SYSC_SetTimer1_3ClkDiv
                0x0000000000000000        0x8 ./FDV32S300/drivers/sysc.o
 .text.SYSC_SetBZTimer4
                0x0000000000000000        0x8 ./FDV32S300/drivers/sysc.o
 .debug_info    0x0000000000000000      0x392 ./FDV32S300/drivers/sysc.o
 .debug_abbrev  0x0000000000000000      0x151 ./FDV32S300/drivers/sysc.o
 .debug_loc     0x0000000000000000       0xf5 ./FDV32S300/drivers/sysc.o
 .debug_aranges
                0x0000000000000000       0x60 ./FDV32S300/drivers/sysc.o
 .debug_ranges  0x0000000000000000       0x50 ./FDV32S300/drivers/sysc.o
 .debug_line    0x0000000000000000      0x3a8 ./FDV32S300/drivers/sysc.o
 .debug_str     0x0000000000000000      0x4a7 ./FDV32S300/drivers/sysc.o
 .comment       0x0000000000000000       0x3a ./FDV32S300/drivers/sysc.o
 .debug_frame   0x0000000000000000       0xa0 ./FDV32S300/drivers/sysc.o
 .text          0x0000000000000000        0x0 ./FDV32S300/drivers/timer.o
 .data          0x0000000000000000        0x0 ./FDV32S300/drivers/timer.o
 .bss           0x0000000000000000        0x0 ./FDV32S300/drivers/timer.o
 .text.TIM_TimerInit
                0x0000000000000000      0x3a4 ./FDV32S300/drivers/timer.o
 .text.TIM_CounterInit
                0x0000000000000000      0x254 ./FDV32S300/drivers/timer.o
 .text.TIM_PWMInit
                0x0000000000000000      0x64a ./FDV32S300/drivers/timer.o
 .text.TIM_DeInit
                0x0000000000000000      0x1fe ./FDV32S300/drivers/timer.o
 .text.TIM_EnableControl
                0x0000000000000000       0xbe ./FDV32S300/drivers/timer.o
 .text.TIM_EnableIRQ
                0x0000000000000000       0x54 ./FDV32S300/drivers/timer.o
 .text.TIM_DisableIRQ
                0x0000000000000000       0x54 ./FDV32S300/drivers/timer.o
 .text.TIM_PauseCntControl
                0x0000000000000000       0xb8 ./FDV32S300/drivers/timer.o
 .text.TIM_GetIntFlag
                0x0000000000000000       0x40 ./FDV32S300/drivers/timer.o
 .text.TIM_ClrIntFlag
                0x0000000000000000       0x38 ./FDV32S300/drivers/timer.o
 .debug_info    0x0000000000000000      0x728 ./FDV32S300/drivers/timer.o
 .debug_abbrev  0x0000000000000000      0x229 ./FDV32S300/drivers/timer.o
 .debug_loc     0x0000000000000000     0x11aa ./FDV32S300/drivers/timer.o
 .debug_aranges
                0x0000000000000000       0x68 ./FDV32S300/drivers/timer.o
 .debug_ranges  0x0000000000000000      0x120 ./FDV32S300/drivers/timer.o
 .debug_line    0x0000000000000000     0x202c ./FDV32S300/drivers/timer.o
 .debug_str     0x0000000000000000      0x35d ./FDV32S300/drivers/timer.o
 .comment       0x0000000000000000       0x3a ./FDV32S300/drivers/timer.o
 .debug_frame   0x0000000000000000      0x134 ./FDV32S300/drivers/timer.o
 .text          0x0000000000000000        0x0 ./FDV32S300/drivers/twc.o
 .data          0x0000000000000000        0x0 ./FDV32S300/drivers/twc.o
 .bss           0x0000000000000000        0x0 ./FDV32S300/drivers/twc.o
 .text.TWC_Init
                0x0000000000000000       0x88 ./FDV32S300/drivers/twc.o
 .text.TWC_DeInit
                0x0000000000000000       0x50 ./FDV32S300/drivers/twc.o
 .text.TWC_RecieveControl
                0x0000000000000000       0x26 ./FDV32S300/drivers/twc.o
 .text.TWC_SEBUSConfig
                0x0000000000000000       0x90 ./FDV32S300/drivers/twc.o
 .text.TWC_SetGapAndGapComp
                0x0000000000000000        0xe ./FDV32S300/drivers/twc.o
 .text.TWC_SWANBusConfig
                0x0000000000000000      0x10a ./FDV32S300/drivers/twc.o
 .text.TWC_SetCMDAndMask
                0x0000000000000000       0x58 ./FDV32S300/drivers/twc.o
 .text.TWC_ReadData
                0x0000000000000000        0xa ./FDV32S300/drivers/twc.o
 .text.TWC_WriteData
                0x0000000000000000        0xa ./FDV32S300/drivers/twc.o
 .text.TWC_SendEnable
                0x0000000000000000        0xc ./FDV32S300/drivers/twc.o
 .text.TWC_SendDisable
                0x0000000000000000        0xa ./FDV32S300/drivers/twc.o
 .text.TWC_SwanBusSendStart
                0x0000000000000000        0xc ./FDV32S300/drivers/twc.o
 .text.TWC_EnableIRQ
                0x0000000000000000        0xa ./FDV32S300/drivers/twc.o
 .text.TWC_ClrIRQFlag
                0x0000000000000000       0x10 ./FDV32S300/drivers/twc.o
 .debug_info    0x0000000000000000      0x77b ./FDV32S300/drivers/twc.o
 .debug_abbrev  0x0000000000000000      0x216 ./FDV32S300/drivers/twc.o
 .debug_loc     0x0000000000000000      0x177 ./FDV32S300/drivers/twc.o
 .debug_aranges
                0x0000000000000000       0x88 ./FDV32S300/drivers/twc.o
 .debug_ranges  0x0000000000000000       0x78 ./FDV32S300/drivers/twc.o
 .debug_line    0x0000000000000000      0x852 ./FDV32S300/drivers/twc.o
 .debug_str     0x0000000000000000      0x4b6 ./FDV32S300/drivers/twc.o
 .comment       0x0000000000000000       0x3a ./FDV32S300/drivers/twc.o
 .debug_frame   0x0000000000000000       0xf0 ./FDV32S300/drivers/twc.o
 .text          0x0000000000000000        0x0 ./FDV32S300/drivers/uart.o
 .data          0x0000000000000000        0x0 ./FDV32S300/drivers/uart.o
 .bss           0x0000000000000000        0x0 ./FDV32S300/drivers/uart.o
 .text.UART_Init
                0x0000000000000000      0x27c ./FDV32S300/drivers/uart.o
 .text.UART_DeInit
                0x0000000000000000      0x118 ./FDV32S300/drivers/uart.o
 .text.UART_RcvVerifyCfg
                0x0000000000000000       0x22 ./FDV32S300/drivers/uart.o
 .text.UART_EnableControl
                0x0000000000000000       0x64 ./FDV32S300/drivers/uart.o
 .text.UART_EnableIRQ
                0x0000000000000000       0x2a ./FDV32S300/drivers/uart.o
 .text.UART_DisableIRQ
                0x0000000000000000       0x24 ./FDV32S300/drivers/uart.o
 .text.UART_Send
                0x0000000000000000        0xe ./FDV32S300/drivers/uart.o
 .text.UART_Receive
                0x0000000000000000       0x12 ./FDV32S300/drivers/uart.o
 .text.UART_Send9BitData
                0x0000000000000000       0x24 ./FDV32S300/drivers/uart.o
 .text.UART_Receive9BitData
                0x0000000000000000       0x24 ./FDV32S300/drivers/uart.o
 .text.UART_SetAddrAndMask
                0x0000000000000000        0x6 ./FDV32S300/drivers/uart.o
 .text.UART_ReadStatusRegester
                0x0000000000000000        0x4 ./FDV32S300/drivers/uart.o
 .text.UART_WriteStatusRegester
                0x0000000000000000        0x4 ./FDV32S300/drivers/uart.o
 .debug_info    0x0000000000000000      0x546 ./FDV32S300/drivers/uart.o
 .debug_abbrev  0x0000000000000000      0x1aa ./FDV32S300/drivers/uart.o
 .debug_loc     0x0000000000000000      0x383 ./FDV32S300/drivers/uart.o
 .debug_aranges
                0x0000000000000000       0x80 ./FDV32S300/drivers/uart.o
 .debug_ranges  0x0000000000000000       0x70 ./FDV32S300/drivers/uart.o
 .debug_line    0x0000000000000000      0xed2 ./FDV32S300/drivers/uart.o
 .debug_str     0x0000000000000000      0x32e ./FDV32S300/drivers/uart.o
 .comment       0x0000000000000000       0x3a ./FDV32S300/drivers/uart.o
 .debug_frame   0x0000000000000000      0x120 ./FDV32S300/drivers/uart.o
 .text          0x0000000000000000        0x0 ./FDV32S300/drivers/wdt.o
 .data          0x0000000000000000        0x0 ./FDV32S300/drivers/wdt.o
 .bss           0x0000000000000000        0x0 ./FDV32S300/drivers/wdt.o
 .text          0x0000000000000000        0x0 d:/eclipse for s-link/toolchain/risc-v embedded gcc/bin/../lib/gcc/riscv-none-embed/8.2.0/rv32emac/ilp32e\libgcc.a(_divdi3.o)
 .data          0x0000000000000000        0x0 d:/eclipse for s-link/toolchain/risc-v embedded gcc/bin/../lib/gcc/riscv-none-embed/8.2.0/rv32emac/ilp32e\libgcc.a(_divdi3.o)
 .bss           0x0000000000000000        0x0 d:/eclipse for s-link/toolchain/risc-v embedded gcc/bin/../lib/gcc/riscv-none-embed/8.2.0/rv32emac/ilp32e\libgcc.a(_divdi3.o)
 .text.__divdi3
                0x0000000000000000      0x3d6 d:/eclipse for s-link/toolchain/risc-v embedded gcc/bin/../lib/gcc/riscv-none-embed/8.2.0/rv32emac/ilp32e\libgcc.a(_divdi3.o)
 .eh_frame      0x0000000000000000       0x38 d:/eclipse for s-link/toolchain/risc-v embedded gcc/bin/../lib/gcc/riscv-none-embed/8.2.0/rv32emac/ilp32e\libgcc.a(_divdi3.o)
 .text          0x0000000000000000        0x0 d:/eclipse for s-link/toolchain/risc-v embedded gcc/bin/../lib/gcc/riscv-none-embed/8.2.0/rv32emac/ilp32e\libgcc.a(muldf3.o)
 .data          0x0000000000000000        0x0 d:/eclipse for s-link/toolchain/risc-v embedded gcc/bin/../lib/gcc/riscv-none-embed/8.2.0/rv32emac/ilp32e\libgcc.a(muldf3.o)
 .bss           0x0000000000000000        0x0 d:/eclipse for s-link/toolchain/risc-v embedded gcc/bin/../lib/gcc/riscv-none-embed/8.2.0/rv32emac/ilp32e\libgcc.a(muldf3.o)
 .text.__muldf3
                0x0000000000000000      0x528 d:/eclipse for s-link/toolchain/risc-v embedded gcc/bin/../lib/gcc/riscv-none-embed/8.2.0/rv32emac/ilp32e\libgcc.a(muldf3.o)
 .rodata.__muldf3
                0x0000000000000000       0x40 d:/eclipse for s-link/toolchain/risc-v embedded gcc/bin/../lib/gcc/riscv-none-embed/8.2.0/rv32emac/ilp32e\libgcc.a(muldf3.o)
 .debug_frame   0x0000000000000000       0x38 d:/eclipse for s-link/toolchain/risc-v embedded gcc/bin/../lib/gcc/riscv-none-embed/8.2.0/rv32emac/ilp32e\libgcc.a(muldf3.o)
 .text          0x0000000000000000        0x0 d:/eclipse for s-link/toolchain/risc-v embedded gcc/bin/../lib/gcc/riscv-none-embed/8.2.0/rv32emac/ilp32e\libgcc.a(fixunsdfsi.o)
 .data          0x0000000000000000        0x0 d:/eclipse for s-link/toolchain/risc-v embedded gcc/bin/../lib/gcc/riscv-none-embed/8.2.0/rv32emac/ilp32e\libgcc.a(fixunsdfsi.o)
 .bss           0x0000000000000000        0x0 d:/eclipse for s-link/toolchain/risc-v embedded gcc/bin/../lib/gcc/riscv-none-embed/8.2.0/rv32emac/ilp32e\libgcc.a(fixunsdfsi.o)
 .text.__fixunsdfsi
                0x0000000000000000       0x5e d:/eclipse for s-link/toolchain/risc-v embedded gcc/bin/../lib/gcc/riscv-none-embed/8.2.0/rv32emac/ilp32e\libgcc.a(fixunsdfsi.o)
 .debug_frame   0x0000000000000000       0x20 d:/eclipse for s-link/toolchain/risc-v embedded gcc/bin/../lib/gcc/riscv-none-embed/8.2.0/rv32emac/ilp32e\libgcc.a(fixunsdfsi.o)
 .text          0x0000000000000000        0x0 d:/eclipse for s-link/toolchain/risc-v embedded gcc/bin/../lib/gcc/riscv-none-embed/8.2.0/rv32emac/ilp32e\libgcc.a(_clz.o)
 .data          0x0000000000000000        0x0 d:/eclipse for s-link/toolchain/risc-v embedded gcc/bin/../lib/gcc/riscv-none-embed/8.2.0/rv32emac/ilp32e\libgcc.a(_clz.o)
 .bss           0x0000000000000000        0x0 d:/eclipse for s-link/toolchain/risc-v embedded gcc/bin/../lib/gcc/riscv-none-embed/8.2.0/rv32emac/ilp32e\libgcc.a(_clz.o)
 .rodata.__clz_tab
                0x0000000000000000      0x100 d:/eclipse for s-link/toolchain/risc-v embedded gcc/bin/../lib/gcc/riscv-none-embed/8.2.0/rv32emac/ilp32e\libgcc.a(_clz.o)
 .text          0x0000000000000000        0x0 d:/eclipse for s-link/toolchain/risc-v embedded gcc/bin/../lib/gcc/riscv-none-embed/8.2.0/rv32emac/ilp32e\libgcc.a(_clzsi2.o)
 .data          0x0000000000000000        0x0 d:/eclipse for s-link/toolchain/risc-v embedded gcc/bin/../lib/gcc/riscv-none-embed/8.2.0/rv32emac/ilp32e\libgcc.a(_clzsi2.o)
 .bss           0x0000000000000000        0x0 d:/eclipse for s-link/toolchain/risc-v embedded gcc/bin/../lib/gcc/riscv-none-embed/8.2.0/rv32emac/ilp32e\libgcc.a(_clzsi2.o)
 .text.__clzsi2
                0x0000000000000000       0x76 d:/eclipse for s-link/toolchain/risc-v embedded gcc/bin/../lib/gcc/riscv-none-embed/8.2.0/rv32emac/ilp32e\libgcc.a(_clzsi2.o)
 .debug_frame   0x0000000000000000       0x20 d:/eclipse for s-link/toolchain/risc-v embedded gcc/bin/../lib/gcc/riscv-none-embed/8.2.0/rv32emac/ilp32e\libgcc.a(_clzsi2.o)
 .text          0x0000000000000000        0x0 d:/eclipse for s-link/toolchain/risc-v embedded gcc/bin/../lib/gcc/riscv-none-embed/8.2.0/../../../../riscv-none-embed/lib/rv32emac/ilp32e\libg_nano.a(lib_a-exit.o)
 .data          0x0000000000000000        0x0 d:/eclipse for s-link/toolchain/risc-v embedded gcc/bin/../lib/gcc/riscv-none-embed/8.2.0/../../../../riscv-none-embed/lib/rv32emac/ilp32e\libg_nano.a(lib_a-exit.o)
 .bss           0x0000000000000000        0x0 d:/eclipse for s-link/toolchain/risc-v embedded gcc/bin/../lib/gcc/riscv-none-embed/8.2.0/../../../../riscv-none-embed/lib/rv32emac/ilp32e\libg_nano.a(lib_a-exit.o)
 .text          0x0000000000000000        0x0 d:/eclipse for s-link/toolchain/risc-v embedded gcc/bin/../lib/gcc/riscv-none-embed/8.2.0/../../../../riscv-none-embed/lib/rv32emac/ilp32e\libg_nano.a(lib_a-impure.o)
 .data          0x0000000000000000        0x0 d:/eclipse for s-link/toolchain/risc-v embedded gcc/bin/../lib/gcc/riscv-none-embed/8.2.0/../../../../riscv-none-embed/lib/rv32emac/ilp32e\libg_nano.a(lib_a-impure.o)
 .bss           0x0000000000000000        0x0 d:/eclipse for s-link/toolchain/risc-v embedded gcc/bin/../lib/gcc/riscv-none-embed/8.2.0/../../../../riscv-none-embed/lib/rv32emac/ilp32e\libg_nano.a(lib_a-impure.o)
 .sdata._impure_ptr
                0x0000000000000000        0x4 d:/eclipse for s-link/toolchain/risc-v embedded gcc/bin/../lib/gcc/riscv-none-embed/8.2.0/../../../../riscv-none-embed/lib/rv32emac/ilp32e\libg_nano.a(lib_a-impure.o)
 .text          0x0000000000000000        0x0 d:/eclipse for s-link/toolchain/risc-v embedded gcc/bin/../lib/gcc/riscv-none-embed/8.2.0/../../../../riscv-none-embed/lib/rv32emac/ilp32e\libg_nano.a(lib_a-strlen.o)
 .data          0x0000000000000000        0x0 d:/eclipse for s-link/toolchain/risc-v embedded gcc/bin/../lib/gcc/riscv-none-embed/8.2.0/../../../../riscv-none-embed/lib/rv32emac/ilp32e\libg_nano.a(lib_a-strlen.o)
 .bss           0x0000000000000000        0x0 d:/eclipse for s-link/toolchain/risc-v embedded gcc/bin/../lib/gcc/riscv-none-embed/8.2.0/../../../../riscv-none-embed/lib/rv32emac/ilp32e\libg_nano.a(lib_a-strlen.o)
 .text.strlen   0x0000000000000000       0x12 d:/eclipse for s-link/toolchain/risc-v embedded gcc/bin/../lib/gcc/riscv-none-embed/8.2.0/../../../../riscv-none-embed/lib/rv32emac/ilp32e\libg_nano.a(lib_a-strlen.o)
 .debug_frame   0x0000000000000000       0x20 d:/eclipse for s-link/toolchain/risc-v embedded gcc/bin/../lib/gcc/riscv-none-embed/8.2.0/../../../../riscv-none-embed/lib/rv32emac/ilp32e\libg_nano.a(lib_a-strlen.o)
 .text          0x0000000000000000        0x0 d:/eclipse for s-link/toolchain/risc-v embedded gcc/bin/../lib/gcc/riscv-none-embed/8.2.0/../../../../riscv-none-embed/lib/rv32emac/ilp32e\libg_nano.a(lib_a-strnlen.o)
 .data          0x0000000000000000        0x0 d:/eclipse for s-link/toolchain/risc-v embedded gcc/bin/../lib/gcc/riscv-none-embed/8.2.0/../../../../riscv-none-embed/lib/rv32emac/ilp32e\libg_nano.a(lib_a-strnlen.o)
 .bss           0x0000000000000000        0x0 d:/eclipse for s-link/toolchain/risc-v embedded gcc/bin/../lib/gcc/riscv-none-embed/8.2.0/../../../../riscv-none-embed/lib/rv32emac/ilp32e\libg_nano.a(lib_a-strnlen.o)
 .text.strnlen  0x0000000000000000       0x18 d:/eclipse for s-link/toolchain/risc-v embedded gcc/bin/../lib/gcc/riscv-none-embed/8.2.0/../../../../riscv-none-embed/lib/rv32emac/ilp32e\libg_nano.a(lib_a-strnlen.o)
 .debug_frame   0x0000000000000000       0x20 d:/eclipse for s-link/toolchain/risc-v embedded gcc/bin/../lib/gcc/riscv-none-embed/8.2.0/../../../../riscv-none-embed/lib/rv32emac/ilp32e\libg_nano.a(lib_a-strnlen.o)
 .text          0x0000000000000000        0x0 d:/eclipse for s-link/toolchain/risc-v embedded gcc/bin/../lib/gcc/riscv-none-embed/8.2.0/../../../../riscv-none-embed/lib/rv32emac/ilp32e\libg_nano.a(lib_a-sysisatty.o)
 .data          0x0000000000000000        0x0 d:/eclipse for s-link/toolchain/risc-v embedded gcc/bin/../lib/gcc/riscv-none-embed/8.2.0/../../../../riscv-none-embed/lib/rv32emac/ilp32e\libg_nano.a(lib_a-sysisatty.o)
 .bss           0x0000000000000000        0x0 d:/eclipse for s-link/toolchain/risc-v embedded gcc/bin/../lib/gcc/riscv-none-embed/8.2.0/../../../../riscv-none-embed/lib/rv32emac/ilp32e\libg_nano.a(lib_a-sysisatty.o)
 .text.isatty   0x0000000000000000        0x8 d:/eclipse for s-link/toolchain/risc-v embedded gcc/bin/../lib/gcc/riscv-none-embed/8.2.0/../../../../riscv-none-embed/lib/rv32emac/ilp32e\libg_nano.a(lib_a-sysisatty.o)
 .debug_frame   0x0000000000000000       0x20 d:/eclipse for s-link/toolchain/risc-v embedded gcc/bin/../lib/gcc/riscv-none-embed/8.2.0/../../../../riscv-none-embed/lib/rv32emac/ilp32e\libg_nano.a(lib_a-sysisatty.o)
 .text          0x0000000000000000        0x0 d:/eclipse for s-link/toolchain/risc-v embedded gcc/bin/../lib/gcc/riscv-none-embed/8.2.0/../../../../riscv-none-embed/lib/rv32emac/ilp32e\libg_nano.a(lib_a-syswrite.o)
 .data          0x0000000000000000        0x0 d:/eclipse for s-link/toolchain/risc-v embedded gcc/bin/../lib/gcc/riscv-none-embed/8.2.0/../../../../riscv-none-embed/lib/rv32emac/ilp32e\libg_nano.a(lib_a-syswrite.o)
 .bss           0x0000000000000000        0x0 d:/eclipse for s-link/toolchain/risc-v embedded gcc/bin/../lib/gcc/riscv-none-embed/8.2.0/../../../../riscv-none-embed/lib/rv32emac/ilp32e\libg_nano.a(lib_a-syswrite.o)
 .text.write    0x0000000000000000       0x18 d:/eclipse for s-link/toolchain/risc-v embedded gcc/bin/../lib/gcc/riscv-none-embed/8.2.0/../../../../riscv-none-embed/lib/rv32emac/ilp32e\libg_nano.a(lib_a-syswrite.o)
 .debug_frame   0x0000000000000000       0x20 d:/eclipse for s-link/toolchain/risc-v embedded gcc/bin/../lib/gcc/riscv-none-embed/8.2.0/../../../../riscv-none-embed/lib/rv32emac/ilp32e\libg_nano.a(lib_a-syswrite.o)
 .text          0x0000000000000000        0x0 d:/eclipse for s-link/toolchain/risc-v embedded gcc/bin/../lib/gcc/riscv-none-embed/8.2.0/../../../../riscv-none-embed/lib/rv32emac/ilp32e\libg_nano.a(lib_a-writer.o)
 .data          0x0000000000000000        0x0 d:/eclipse for s-link/toolchain/risc-v embedded gcc/bin/../lib/gcc/riscv-none-embed/8.2.0/../../../../riscv-none-embed/lib/rv32emac/ilp32e\libg_nano.a(lib_a-writer.o)
 .bss           0x0000000000000000        0x0 d:/eclipse for s-link/toolchain/risc-v embedded gcc/bin/../lib/gcc/riscv-none-embed/8.2.0/../../../../riscv-none-embed/lib/rv32emac/ilp32e\libg_nano.a(lib_a-writer.o)
 .text._write_r
                0x0000000000000000       0x3a d:/eclipse for s-link/toolchain/risc-v embedded gcc/bin/../lib/gcc/riscv-none-embed/8.2.0/../../../../riscv-none-embed/lib/rv32emac/ilp32e\libg_nano.a(lib_a-writer.o)
 .debug_frame   0x0000000000000000       0x30 d:/eclipse for s-link/toolchain/risc-v embedded gcc/bin/../lib/gcc/riscv-none-embed/8.2.0/../../../../riscv-none-embed/lib/rv32emac/ilp32e\libg_nano.a(lib_a-writer.o)
 .text          0x0000000000000000        0x0 d:/eclipse for s-link/toolchain/risc-v embedded gcc/bin/../lib/gcc/riscv-none-embed/8.2.0/../../../../riscv-none-embed/lib/rv32emac/ilp32e\libg_nano.a(lib_a-reent.o)
 .data          0x0000000000000000        0x0 d:/eclipse for s-link/toolchain/risc-v embedded gcc/bin/../lib/gcc/riscv-none-embed/8.2.0/../../../../riscv-none-embed/lib/rv32emac/ilp32e\libg_nano.a(lib_a-reent.o)
 .bss           0x0000000000000000        0x0 d:/eclipse for s-link/toolchain/risc-v embedded gcc/bin/../lib/gcc/riscv-none-embed/8.2.0/../../../../riscv-none-embed/lib/rv32emac/ilp32e\libg_nano.a(lib_a-reent.o)
 .text.cleanup_glue
                0x0000000000000000       0x2c d:/eclipse for s-link/toolchain/risc-v embedded gcc/bin/../lib/gcc/riscv-none-embed/8.2.0/../../../../riscv-none-embed/lib/rv32emac/ilp32e\libg_nano.a(lib_a-reent.o)
 .text._reclaim_reent
                0x0000000000000000      0x102 d:/eclipse for s-link/toolchain/risc-v embedded gcc/bin/../lib/gcc/riscv-none-embed/8.2.0/../../../../riscv-none-embed/lib/rv32emac/ilp32e\libg_nano.a(lib_a-reent.o)
 .debug_frame   0x0000000000000000       0x64 d:/eclipse for s-link/toolchain/risc-v embedded gcc/bin/../lib/gcc/riscv-none-embed/8.2.0/../../../../riscv-none-embed/lib/rv32emac/ilp32e\libg_nano.a(lib_a-reent.o)
 COMMON         0x0000000000000000        0x4 d:/eclipse for s-link/toolchain/risc-v embedded gcc/bin/../lib/gcc/riscv-none-embed/8.2.0/../../../../riscv-none-embed/lib/rv32emac/ilp32e\libg_nano.a(lib_a-reent.o)
 .text          0x0000000000000000        0x0 d:/eclipse for s-link/toolchain/risc-v embedded gcc/bin/../lib/gcc/riscv-none-embed/8.2.0/../../../../riscv-none-embed/lib/rv32emac/ilp32e\libg_nano.a(lib_a-nano-freer.o)
 .data          0x0000000000000000        0x0 d:/eclipse for s-link/toolchain/risc-v embedded gcc/bin/../lib/gcc/riscv-none-embed/8.2.0/../../../../riscv-none-embed/lib/rv32emac/ilp32e\libg_nano.a(lib_a-nano-freer.o)
 .bss           0x0000000000000000        0x0 d:/eclipse for s-link/toolchain/risc-v embedded gcc/bin/../lib/gcc/riscv-none-embed/8.2.0/../../../../riscv-none-embed/lib/rv32emac/ilp32e\libg_nano.a(lib_a-nano-freer.o)
 .text._free_r  0x0000000000000000       0xb8 d:/eclipse for s-link/toolchain/risc-v embedded gcc/bin/../lib/gcc/riscv-none-embed/8.2.0/../../../../riscv-none-embed/lib/rv32emac/ilp32e\libg_nano.a(lib_a-nano-freer.o)
 .debug_frame   0x0000000000000000       0x40 d:/eclipse for s-link/toolchain/risc-v embedded gcc/bin/../lib/gcc/riscv-none-embed/8.2.0/../../../../riscv-none-embed/lib/rv32emac/ilp32e\libg_nano.a(lib_a-nano-freer.o)
 .text          0x0000000000000000        0x0 d:/eclipse for s-link/toolchain/risc-v embedded gcc/bin/../lib/gcc/riscv-none-embed/8.2.0/../../../../riscv-none-embed/lib/rv32emac/ilp32e\libg_nano.a(lib_a-nano-mallocr.o)
 .data          0x0000000000000000        0x0 d:/eclipse for s-link/toolchain/risc-v embedded gcc/bin/../lib/gcc/riscv-none-embed/8.2.0/../../../../riscv-none-embed/lib/rv32emac/ilp32e\libg_nano.a(lib_a-nano-mallocr.o)
 .bss           0x0000000000000000        0x0 d:/eclipse for s-link/toolchain/risc-v embedded gcc/bin/../lib/gcc/riscv-none-embed/8.2.0/../../../../riscv-none-embed/lib/rv32emac/ilp32e\libg_nano.a(lib_a-nano-mallocr.o)
 .text._malloc_r
                0x0000000000000000      0x108 d:/eclipse for s-link/toolchain/risc-v embedded gcc/bin/../lib/gcc/riscv-none-embed/8.2.0/../../../../riscv-none-embed/lib/rv32emac/ilp32e\libg_nano.a(lib_a-nano-mallocr.o)
 .sbss.__malloc_free_list
                0x0000000000000000        0x4 d:/eclipse for s-link/toolchain/risc-v embedded gcc/bin/../lib/gcc/riscv-none-embed/8.2.0/../../../../riscv-none-embed/lib/rv32emac/ilp32e\libg_nano.a(lib_a-nano-mallocr.o)
 .sbss.__malloc_sbrk_start
                0x0000000000000000        0x4 d:/eclipse for s-link/toolchain/risc-v embedded gcc/bin/../lib/gcc/riscv-none-embed/8.2.0/../../../../riscv-none-embed/lib/rv32emac/ilp32e\libg_nano.a(lib_a-nano-mallocr.o)
 .debug_frame   0x0000000000000000       0x38 d:/eclipse for s-link/toolchain/risc-v embedded gcc/bin/../lib/gcc/riscv-none-embed/8.2.0/../../../../riscv-none-embed/lib/rv32emac/ilp32e\libg_nano.a(lib_a-nano-mallocr.o)
 .text          0x0000000000000000        0x0 d:/eclipse for s-link/toolchain/risc-v embedded gcc/bin/../lib/gcc/riscv-none-embed/8.2.0/../../../../riscv-none-embed/lib/rv32emac/ilp32e\libg_nano.a(lib_a-sbrkr.o)
 .data          0x0000000000000000        0x0 d:/eclipse for s-link/toolchain/risc-v embedded gcc/bin/../lib/gcc/riscv-none-embed/8.2.0/../../../../riscv-none-embed/lib/rv32emac/ilp32e\libg_nano.a(lib_a-sbrkr.o)
 .bss           0x0000000000000000        0x0 d:/eclipse for s-link/toolchain/risc-v embedded gcc/bin/../lib/gcc/riscv-none-embed/8.2.0/../../../../riscv-none-embed/lib/rv32emac/ilp32e\libg_nano.a(lib_a-sbrkr.o)
 .text._sbrk_r  0x0000000000000000       0x36 d:/eclipse for s-link/toolchain/risc-v embedded gcc/bin/../lib/gcc/riscv-none-embed/8.2.0/../../../../riscv-none-embed/lib/rv32emac/ilp32e\libg_nano.a(lib_a-sbrkr.o)
 .debug_frame   0x0000000000000000       0x30 d:/eclipse for s-link/toolchain/risc-v embedded gcc/bin/../lib/gcc/riscv-none-embed/8.2.0/../../../../riscv-none-embed/lib/rv32emac/ilp32e\libg_nano.a(lib_a-sbrkr.o)
 .text          0x0000000000000000        0x0 d:/eclipse for s-link/toolchain/risc-v embedded gcc/bin/../lib/gcc/riscv-none-embed/8.2.0/../../../../riscv-none-embed/lib/rv32emac/ilp32e\libg_nano.a(lib_a-mlock.o)
 .data          0x0000000000000000        0x0 d:/eclipse for s-link/toolchain/risc-v embedded gcc/bin/../lib/gcc/riscv-none-embed/8.2.0/../../../../riscv-none-embed/lib/rv32emac/ilp32e\libg_nano.a(lib_a-mlock.o)
 .bss           0x0000000000000000        0x0 d:/eclipse for s-link/toolchain/risc-v embedded gcc/bin/../lib/gcc/riscv-none-embed/8.2.0/../../../../riscv-none-embed/lib/rv32emac/ilp32e\libg_nano.a(lib_a-mlock.o)
 .text.__malloc_lock
                0x0000000000000000        0x2 d:/eclipse for s-link/toolchain/risc-v embedded gcc/bin/../lib/gcc/riscv-none-embed/8.2.0/../../../../riscv-none-embed/lib/rv32emac/ilp32e\libg_nano.a(lib_a-mlock.o)
 .text.__malloc_unlock
                0x0000000000000000        0x2 d:/eclipse for s-link/toolchain/risc-v embedded gcc/bin/../lib/gcc/riscv-none-embed/8.2.0/../../../../riscv-none-embed/lib/rv32emac/ilp32e\libg_nano.a(lib_a-mlock.o)
 .debug_frame   0x0000000000000000       0x30 d:/eclipse for s-link/toolchain/risc-v embedded gcc/bin/../lib/gcc/riscv-none-embed/8.2.0/../../../../riscv-none-embed/lib/rv32emac/ilp32e\libg_nano.a(lib_a-mlock.o)

Memory Configuration

Name             Origin             Length             Attributes
flash            0x0000000010100000 0x0000000000001000 axrl !w
ram              0x0000000020000000 0x0000000000002800 axw !rl
*default*        0x0000000000000000 0xffffffffffffffff

Linker script and memory map

LOAD ./src/main.o
LOAD ./FDV32S300/stubs/_exit.o
LOAD ./FDV32S300/stubs/close.o
LOAD ./FDV32S300/stubs/fstat.o
LOAD ./FDV32S300/stubs/isatty.o
LOAD ./FDV32S300/stubs/lseek.o
LOAD ./FDV32S300/stubs/printf.o
LOAD ./FDV32S300/stubs/read.o
LOAD ./FDV32S300/stubs/sbrk.o
LOAD ./FDV32S300/stubs/write.o
LOAD ./FDV32S300/stubs/write_hex.o
LOAD ./FDV32S300/env/entry.o
LOAD ./FDV32S300/env/init.o
LOAD ./FDV32S300/env/start.o
LOAD ./FDV32S300/env/system_phnx02.o
LOAD ./FDV32S300/drivers/anac.o
LOAD ./FDV32S300/drivers/crc.o
LOAD ./FDV32S300/drivers/efc.o
LOAD ./FDV32S300/drivers/i2c.o
LOAD ./FDV32S300/drivers/iom.o
LOAD ./FDV32S300/drivers/lptimer.o
LOAD ./FDV32S300/drivers/pmu.o
LOAD ./FDV32S300/drivers/rtc.o
LOAD ./FDV32S300/drivers/spi.o
LOAD ./FDV32S300/drivers/sysc.o
LOAD ./FDV32S300/drivers/timer.o
LOAD ./FDV32S300/drivers/twc.o
LOAD ./FDV32S300/drivers/uart.o
LOAD ./FDV32S300/drivers/wdt.o
LOAD d:/eclipse for s-link/toolchain/risc-v embedded gcc/bin/../lib/gcc/riscv-none-embed/8.2.0/../../../../riscv-none-embed/lib/rv32emac/ilp32e\libstdc++_nano.a
LOAD d:/eclipse for s-link/toolchain/risc-v embedded gcc/bin/../lib/gcc/riscv-none-embed/8.2.0/../../../../riscv-none-embed/lib/rv32emac/ilp32e\libm.a
LOAD d:/eclipse for s-link/toolchain/risc-v embedded gcc/bin/../lib/gcc/riscv-none-embed/8.2.0/rv32emac/ilp32e\libgcc.a
LOAD d:/eclipse for s-link/toolchain/risc-v embedded gcc/bin/../lib/gcc/riscv-none-embed/8.2.0/../../../../riscv-none-embed/lib/rv32emac/ilp32e\libg_nano.a
LOAD d:/eclipse for s-link/toolchain/risc-v embedded gcc/bin/../lib/gcc/riscv-none-embed/8.2.0/../../../../riscv-none-embed/lib/rv32emac/ilp32e\libc_nano.a
LOAD d:/eclipse for s-link/toolchain/risc-v embedded gcc/bin/../lib/gcc/riscv-none-embed/8.2.0/rv32emac/ilp32e\libgcc.a
START GROUP
LOAD d:/eclipse for s-link/toolchain/risc-v embedded gcc/bin/../lib/gcc/riscv-none-embed/8.2.0/rv32emac/ilp32e\libgcc.a
LOAD d:/eclipse for s-link/toolchain/risc-v embedded gcc/bin/../lib/gcc/riscv-none-embed/8.2.0/../../../../riscv-none-embed/lib/rv32emac/ilp32e\libc_nano.a
END GROUP
                0x0000000000000800                __stack_size = DEFINED (__stack_size)?__stack_size:0x800

.init           0x0000000010100000       0x60
 *(SORT_NONE(.init))
 .init          0x0000000010100000       0x60 ./FDV32S300/env/start.o
                0x0000000010100000                _start

.ilalign        0x0000000010100060        0x0
                0x0000000010100060                . = ALIGN (0x4)
                [!provide]                        PROVIDE (_flash_lma = .)

.ialign         0x0000000010100060        0x0
                [!provide]                        PROVIDE (_flash = .)

.text           0x0000000010100060      0xe22
 *(.text.unlikely .text.unlikely.*)
 *(.text.startup .text.startup.*)
 .text.startup.main
                0x0000000010100060      0x1a0 ./src/main.o
                0x0000000010100060                main
 *(.text .text.*)
 .text.carry_bak_code
                0x0000000010100200       0xcc ./src/main.o
                0x0000000010100200                carry_bak_code
 .text.Fault_Display
                0x00000000101002cc      0x28a ./src/main.o
                0x00000000101002cc                Fault_Display
 .text._exit    0x0000000010100556        0x2 ./FDV32S300/stubs/_exit.o
                0x0000000010100556                _exit
 *fill*         0x0000000010100558        0x0 
 .text.entry    0x0000000010100558       0x40 ./FDV32S300/env/entry.o
                0x0000000010100558                trap_entry
 .text.MSOFT_IntHandler
                0x0000000010100598        0x2 ./FDV32S300/env/init.o
                0x0000000010100598                MSOFT_IntHandler
 .text.MEXP_Handler
                0x000000001010059a        0x2 ./FDV32S300/env/init.o
                0x000000001010059a                MEXP_Handler
 .text.NMI_Handler
                0x000000001010059c        0x2 ./FDV32S300/env/init.o
                0x000000001010059c                NMI_Handler
 .text.PMU_IrqHandler
                0x000000001010059e        0x2 ./FDV32S300/env/init.o
                0x000000001010059e                PMU_IrqHandler
 .text.LPT_IrqHandler
                0x00000000101005a0        0x2 ./FDV32S300/env/init.o
                0x00000000101005a0                LPT_IrqHandler
 .text.TIMER1_IrqHandler
                0x00000000101005a2        0x2 ./FDV32S300/env/init.o
                0x00000000101005a2                TIMER1_IrqHandler
 .text.TIMER2_IrqHandler
                0x00000000101005a4        0x2 ./FDV32S300/env/init.o
                0x00000000101005a4                TIMER2_IrqHandler
 .text.TIMER3_IrqHandler
                0x00000000101005a6        0x2 ./FDV32S300/env/init.o
                0x00000000101005a6                TIMER3_IrqHandler
 .text.TIMER4_IrqHandler
                0x00000000101005a8        0x2 ./FDV32S300/env/init.o
                0x00000000101005a8                TIMER4_IrqHandler
 .text.UART1_IrqHandler
                0x00000000101005aa        0x2 ./FDV32S300/env/init.o
                0x00000000101005aa                UART1_IrqHandler
 .text.UART2_IrqHandler
                0x00000000101005ac        0x2 ./FDV32S300/env/init.o
                0x00000000101005ac                UART2_IrqHandler
 .text.SPI_IrqHandler
                0x00000000101005ae        0x2 ./FDV32S300/env/init.o
                0x00000000101005ae                SPI_IrqHandler
 .text.ANAC_IrqHandler
                0x00000000101005b0        0x2 ./FDV32S300/env/init.o
                0x00000000101005b0                ANAC_IrqHandler
 .text.EFC_IrqHandler
                0x00000000101005b2        0x2 ./FDV32S300/env/init.o
                0x00000000101005b2                EFC_IrqHandler
 .text.IOM_IrqHandler
                0x00000000101005b4        0x2 ./FDV32S300/env/init.o
                0x00000000101005b4                IOM_IrqHandler
 .text.I2C_IrqHandler
                0x00000000101005b6        0x2 ./FDV32S300/env/init.o
                0x00000000101005b6                I2C_IrqHandler
 .text.RTC_IrqHandler
                0x00000000101005b8        0x2 ./FDV32S300/env/init.o
                0x00000000101005b8                RTC_IrqHandler
 .text.TWC_IrqHandler
                0x00000000101005ba        0x2 ./FDV32S300/env/init.o
                0x00000000101005ba                TWC_IrqHandler
 .text.LPU_IrqHandler
                0x00000000101005bc        0x2 ./FDV32S300/env/init.o
                0x00000000101005bc                LPU_IrqHandler
 .text.MEXT_IntHandler
                0x00000000101005be       0x76 ./FDV32S300/env/init.o
                0x00000000101005be                MEXT_IntHandler
 .text.handle_trap
                0x0000000010100634       0x3c ./FDV32S300/env/init.o
                0x0000000010100634                handle_trap
 .text.SystemCoreClockUpdate
                0x0000000010100670       0xc4 ./FDV32S300/env/system_phnx02.o
                0x0000000010100670                SystemCoreClockUpdate
 .text.SystemInit
                0x0000000010100734       0x86 ./FDV32S300/env/system_phnx02.o
                0x0000000010100734                SystemInit
 .text.EFC_Init
                0x00000000101007ba      0x142 ./FDV32S300/drivers/efc.o
                0x00000000101007ba                EFC_Init
 .text.EFC_PageProgram
                0x00000000101008fc       0x66 ./FDV32S300/drivers/efc.o
                0x00000000101008fc                EFC_PageProgram
 .text.EFC_PageErase
                0x0000000010100962       0x3a ./FDV32S300/drivers/efc.o
                0x0000000010100962                EFC_PageErase
 .text.EFC_PageLoad
                0x000000001010099c       0x3a ./FDV32S300/drivers/efc.o
                0x000000001010099c                EFC_PageLoad
 .text.EFC_FlashPageWrite
                0x00000000101009d6      0x142 ./FDV32S300/drivers/efc.o
                0x00000000101009d6                EFC_FlashPageWrite
 .text.EFC_PAGE_BUFFERWrite
                0x0000000010100b18       0xc2 ./FDV32S300/drivers/efc.o
                0x0000000010100b18                EFC_PAGE_BUFFERWrite
 .text.GPIO_PinConfigure
                0x0000000010100bda      0x164 ./FDV32S300/drivers/iom.o
                0x0000000010100bda                GPIO_PinConfigure
 .text.GPIO_SetPin
                0x0000000010100d3e       0x10 ./FDV32S300/drivers/iom.o
                0x0000000010100d3e                GPIO_SetPin
 .text.GPIO_ClrPin
                0x0000000010100d4e       0x14 ./FDV32S300/drivers/iom.o
                0x0000000010100d4e                GPIO_ClrPin
 .text.WDT_Init
                0x0000000010100d62       0xbe ./FDV32S300/drivers/wdt.o
                0x0000000010100d62                WDT_Init
 .text.WDT_DeInit
                0x0000000010100e20       0x30 ./FDV32S300/drivers/wdt.o
                0x0000000010100e20                WDT_DeInit
 .text.exit     0x0000000010100e50       0x32 d:/eclipse for s-link/toolchain/risc-v embedded gcc/bin/../lib/gcc/riscv-none-embed/8.2.0/../../../../riscv-none-embed/lib/rv32emac/ilp32e\libg_nano.a(lib_a-exit.o)
                0x0000000010100e50                exit
 *(.gnu.linkonce.t.*)

.sdata2._global_impure_ptr
                0x0000000010100e84        0x4
 .sdata2._global_impure_ptr
                0x0000000010100e84        0x4 d:/eclipse for s-link/toolchain/risc-v embedded gcc/bin/../lib/gcc/riscv-none-embed/8.2.0/../../../../riscv-none-embed/lib/rv32emac/ilp32e\libg_nano.a(lib_a-impure.o)
                0x0000000010100e84                _global_impure_ptr

.rela.dyn       0x0000000010100e88        0x0
 .rela.text.MEXT_IntHandler
                0x0000000010100e88        0x0 ./src/main.o
 .rela.text.handle_trap
                0x0000000010100e88        0x0 ./src/main.o
 .rela.init     0x0000000010100e88        0x0 ./src/main.o
 .rela.text.exit
                0x0000000010100e88        0x0 ./src/main.o
 .rela.data.impure_data
                0x0000000010100e88        0x0 ./src/main.o

.fini
 *(SORT_NONE(.fini))
                0x0000000010100e88                . = ALIGN (0x4)
                [!provide]                        PROVIDE (__etext = .)
                [!provide]                        PROVIDE (_etext = .)
                [!provide]                        PROVIDE (etext = .)
                [!provide]                        PROVIDE (_eflash = .)

.preinit_array  0x0000000010100e88        0x0
                [!provide]                        PROVIDE (__preinit_array_start = .)
 *(.preinit_array)
                [!provide]                        PROVIDE (__preinit_array_end = .)

.init_array     0x0000000010100e88        0x0
                [!provide]                        PROVIDE (__init_array_start = .)
 *(SORT_BY_INIT_PRIORITY(.init_array.*) SORT_BY_INIT_PRIORITY(.ctors.*))
 *(.init_array EXCLUDE_FILE(*crtend?.o *crtend.o *crtbegin?.o *crtbegin.o) .ctors)
                [!provide]                        PROVIDE (__init_array_end = .)

.fini_array     0x0000000010100e88        0x0
                [!provide]                        PROVIDE (__fini_array_start = .)
 *(SORT_BY_INIT_PRIORITY(.fini_array.*) SORT_BY_INIT_PRIORITY(.dtors.*))
 *(.fini_array EXCLUDE_FILE(*crtend?.o *crtend.o *crtbegin?.o *crtbegin.o) .dtors)
                [!provide]                        PROVIDE (__fini_array_end = .)

.ctors
 *crtbegin.o(.ctors)
 *crtbegin?.o(.ctors)
 *(EXCLUDE_FILE(*crtend?.o *crtend.o) .ctors)
 *(SORT_BY_NAME(.ctors.*))
 *(.ctors)

.dtors
 *crtbegin.o(.dtors)
 *crtbegin?.o(.dtors)
 *(EXCLUDE_FILE(*crtend?.o *crtend.o) .dtors)
 *(SORT_BY_NAME(.dtors.*))
 *(.dtors)
                0x0000000010100e88                . = ALIGN (0x4)
                [!provide]                        PROVIDE (_eflash = .)

.lalign         0x0000000010100e88        0x0
                0x0000000010100e88                . = ALIGN (0x4)
                0x0000000010100e88                PROVIDE (_data_lma = .)

.dalign         0x0000000020000000        0x0 load address 0x0000000010100e88
                0x0000000020000000                . = ALIGN (0x4)
                0x0000000020000000                PROVIDE (_data = .)

.data           0x0000000020000000       0xb0 load address 0x0000000010100e88
 *(.rdata)
 *(.rodata .rodata.*)
 .rodata.MEXT_IntHandler
                0x0000000020000000       0x44 ./FDV32S300/env/init.o
 *(.gnu.linkonce.r.*)
 *(.data .data.*)
 .data.impure_data
                0x0000000020000044       0x60 d:/eclipse for s-link/toolchain/risc-v embedded gcc/bin/../lib/gcc/riscv-none-embed/8.2.0/../../../../riscv-none-embed/lib/rv32emac/ilp32e\libg_nano.a(lib_a-impure.o)
 *(.gnu.linkonce.d.*)
                0x00000000200000a8                . = ALIGN (0x8)
 *fill*         0x00000000200000a4        0x4 
                0x00000000200008a8                PROVIDE (__global_pointer$ = (. + 0x800))
 *(.sdata .sdata.*)
 .sdata.SystemCoreClock
                0x00000000200000a8        0x4 ./FDV32S300/env/system_phnx02.o
                0x00000000200000a8                SystemCoreClock
 *(.gnu.linkonce.s.*)
                0x00000000200000b0                . = ALIGN (0x8)
 *fill*         0x00000000200000ac        0x4 
 *(.srodata.cst16)
 *(.srodata.cst8)
 *(.srodata.cst4)
 *(.srodata.cst2)
 *(.srodata .srodata.*)
                0x00000000200000b0                . = ALIGN (0x4)
                0x00000000200000b0                PROVIDE (_edata = .)
                [!provide]                        PROVIDE (edata = .)
                [!provide]                        PROVIDE (_fbss = .)
                0x00000000200000b0                PROVIDE (__bss_start = .)

.bss            0x00000000200000b0        0x0
 *(.sbss*)
 *(.gnu.linkonce.sb.*)
 *(.bss .bss.*)
 *(.gnu.linkonce.b.*)
 *(COMMON)
                0x00000000200000b0                . = ALIGN (0x4)
                0x00000000200000b0                . = ALIGN (0x8)
                0x00000000200000b0                PROVIDE (_end = .)
                [!provide]                        PROVIDE (end = .)

.stack          0x0000000020002000      0x800
                0x0000000020002000                PROVIDE (_heap_end = .)
                0x0000000000000800                . = __stack_size
 *fill*         0x0000000020002000      0x800 
                0x0000000020002800                PROVIDE (_sp = .)
OUTPUT(bootloader.elf elf32-littleriscv)

.debug_info     0x0000000000000000     0x2b88
 .debug_info    0x0000000000000000      0xb2f ./src/main.o
 .debug_info    0x0000000000000b2f       0xef ./FDV32S300/stubs/_exit.o
 .debug_info    0x0000000000000c1e       0x26 ./FDV32S300/env/entry.o
 .debug_info    0x0000000000000c44      0xb71 ./FDV32S300/env/init.o
 .debug_info    0x00000000000017b5       0x26 ./FDV32S300/env/start.o
 .debug_info    0x00000000000017db      0x68b ./FDV32S300/env/system_phnx02.o
 .debug_info    0x0000000000001e66      0x6d0 ./FDV32S300/drivers/efc.o
 .debug_info    0x0000000000002536      0x413 ./FDV32S300/drivers/iom.o
 .debug_info    0x0000000000002949      0x23f ./FDV32S300/drivers/wdt.o

.debug_abbrev   0x0000000000000000      0xcdb
 .debug_abbrev  0x0000000000000000      0x33d ./src/main.o
 .debug_abbrev  0x000000000000033d       0x74 ./FDV32S300/stubs/_exit.o
 .debug_abbrev  0x00000000000003b1       0x14 ./FDV32S300/env/entry.o
 .debug_abbrev  0x00000000000003c5      0x28e ./FDV32S300/env/init.o
 .debug_abbrev  0x0000000000000653       0x14 ./FDV32S300/env/start.o
 .debug_abbrev  0x0000000000000667      0x147 ./FDV32S300/env/system_phnx02.o
 .debug_abbrev  0x00000000000007ae      0x25a ./FDV32S300/drivers/efc.o
 .debug_abbrev  0x0000000000000a08      0x180 ./FDV32S300/drivers/iom.o
 .debug_abbrev  0x0000000000000b88      0x153 ./FDV32S300/drivers/wdt.o

.debug_loc      0x0000000000000000      0xe48
 .debug_loc     0x0000000000000000      0x299 ./src/main.o
 .debug_loc     0x0000000000000299       0xcb ./FDV32S300/env/init.o
 .debug_loc     0x0000000000000364       0x40 ./FDV32S300/env/system_phnx02.o
 .debug_loc     0x00000000000003a4      0x728 ./FDV32S300/drivers/efc.o
 .debug_loc     0x0000000000000acc      0x312 ./FDV32S300/drivers/iom.o
 .debug_loc     0x0000000000000dde       0x6a ./FDV32S300/drivers/wdt.o

.debug_aranges  0x0000000000000000      0x200
 .debug_aranges
                0x0000000000000000       0x48 ./src/main.o
 .debug_aranges
                0x0000000000000048       0x20 ./FDV32S300/stubs/_exit.o
 .debug_aranges
                0x0000000000000068       0x20 ./FDV32S300/env/entry.o
 .debug_aranges
                0x0000000000000088       0x30 ./FDV32S300/env/init.o
 .debug_aranges
                0x00000000000000b8       0x20 ./FDV32S300/env/start.o
 .debug_aranges
                0x00000000000000d8       0x28 ./FDV32S300/env/system_phnx02.o
 .debug_aranges
                0x0000000000000100       0x70 ./FDV32S300/drivers/efc.o
 .debug_aranges
                0x0000000000000170       0x68 ./FDV32S300/drivers/iom.o
 .debug_aranges
                0x00000000000001d8       0x28 ./FDV32S300/drivers/wdt.o

.debug_ranges   0x0000000000000000      0x458
 .debug_ranges  0x0000000000000000      0x1f0 ./src/main.o
 .debug_ranges  0x00000000000001f0       0x10 ./FDV32S300/stubs/_exit.o
 .debug_ranges  0x0000000000000200       0x20 ./FDV32S300/env/init.o
 .debug_ranges  0x0000000000000220       0x40 ./FDV32S300/env/system_phnx02.o
 .debug_ranges  0x0000000000000260      0x160 ./FDV32S300/drivers/efc.o
 .debug_ranges  0x00000000000003c0       0x80 ./FDV32S300/drivers/iom.o
 .debug_ranges  0x0000000000000440       0x18 ./FDV32S300/drivers/wdt.o

.debug_line     0x0000000000000000     0x3628
 .debug_line    0x0000000000000000      0xe15 ./src/main.o
 .debug_line    0x0000000000000e15       0xc0 ./FDV32S300/stubs/_exit.o
 .debug_line    0x0000000000000ed5       0x6d ./FDV32S300/env/entry.o
 .debug_line    0x0000000000000f42      0x38e ./FDV32S300/env/init.o
 .debug_line    0x00000000000012d0       0xd1 ./FDV32S300/env/start.o
 .debug_line    0x00000000000013a1      0x390 ./FDV32S300/env/system_phnx02.o
 .debug_line    0x0000000000001731     0x150d ./FDV32S300/drivers/efc.o
 .debug_line    0x0000000000002c3e      0x706 ./FDV32S300/drivers/iom.o
 .debug_line    0x0000000000003344      0x2e4 ./FDV32S300/drivers/wdt.o

.debug_str      0x0000000000000000     0x1178
 .debug_str     0x0000000000000000      0x504 ./src/main.o
                                        0x540 (size before relaxing)
 .debug_str     0x0000000000000504       0x7f ./FDV32S300/stubs/_exit.o
                                        0x1bd (size before relaxing)
 .debug_str     0x0000000000000583       0x25 ./FDV32S300/env/entry.o
                                         0x46 (size before relaxing)
 .debug_str     0x00000000000005a8      0x5d6 ./FDV32S300/env/init.o
                                        0x774 (size before relaxing)
 .debug_str     0x0000000000000b7e       0x19 ./FDV32S300/env/start.o
                                         0x46 (size before relaxing)
 .debug_str     0x0000000000000b97      0x352 ./FDV32S300/env/system_phnx02.o
                                        0x5ec (size before relaxing)
 .debug_str     0x0000000000000ee9       0xec ./FDV32S300/drivers/efc.o
                                        0x34d (size before relaxing)
 .debug_str     0x0000000000000fd5      0x133 ./FDV32S300/drivers/iom.o
                                        0x2f4 (size before relaxing)
 .debug_str     0x0000000000001108       0x70 ./FDV32S300/drivers/wdt.o
                                        0x226 (size before relaxing)

.comment        0x0000000000000000       0x39
 .comment       0x0000000000000000       0x39 ./src/main.o
                                         0x3a (size before relaxing)
 .comment       0x0000000000000039       0x3a ./FDV32S300/stubs/_exit.o
 .comment       0x0000000000000039       0x3a ./FDV32S300/env/init.o
 .comment       0x0000000000000039       0x3a ./FDV32S300/env/system_phnx02.o
 .comment       0x0000000000000039       0x3a ./FDV32S300/drivers/efc.o
 .comment       0x0000000000000039       0x3a ./FDV32S300/drivers/iom.o
 .comment       0x0000000000000039       0x3a ./FDV32S300/drivers/wdt.o

.debug_frame    0x0000000000000000      0x524
 .debug_frame   0x0000000000000000       0xb4 ./src/main.o
 .debug_frame   0x00000000000000b4       0x20 ./FDV32S300/stubs/_exit.o
 .debug_frame   0x00000000000000d4      0x188 ./FDV32S300/env/init.o
 .debug_frame   0x000000000000025c       0x44 ./FDV32S300/env/system_phnx02.o
 .debug_frame   0x00000000000002a0      0x154 ./FDV32S300/drivers/efc.o
 .debug_frame   0x00000000000003f4       0xd8 ./FDV32S300/drivers/iom.o
 .debug_frame   0x00000000000004cc       0x30 ./FDV32S300/drivers/wdt.o
 .debug_frame   0x00000000000004fc       0x28 d:/eclipse for s-link/toolchain/risc-v embedded gcc/bin/../lib/gcc/riscv-none-embed/8.2.0/../../../../riscv-none-embed/lib/rv32emac/ilp32e\libg_nano.a(lib_a-exit.o)
